error 404
error 6290
